[
  {
    "version": "v1",
    "condition": "rnn_diverse_influence",
    "success_mean": 0.9837272727272726,
    "success_sd": 0.004706246947470842,
    "episode_return_mean": 15.427846908569336,
    "episode_return_sd": 0.9230988349712904,
    "episode_steps_mean": 444.3445454545455,
    "episode_steps_sd": 96.06483229100634,
    "successful_completion_steps_mean": 20.920957464469943,
    "successful_completion_steps_sd": 5.039736438344846,
    "switches_per_round_mean": 0.0,
    "switches_per_round_sd": 0.0
  },
  {
    "version": "v1",
    "condition": "mlp_diverse_influence",
    "success_mean": 0.9857727272727272,
    "success_sd": 0.010947317022905684,
    "episode_return_mean": 13.663465118408203,
    "episode_return_sd": 0.4783402950513983,
    "episode_steps_mean": 624.9145454545454,
    "episode_steps_sd": 25.921044521204188,
    "successful_completion_steps_mean": 30.258089489938612,
    "successful_completion_steps_sd": 0.5764052616248259,
    "switches_per_round_mean": 0.0,
    "switches_per_round_sd": 0.0
  },
  {
    "version": "v1",
    "condition": "rnn_single_influence",
    "success_mean": 0.9873863636363638,
    "success_sd": 0.006343311698614933,
    "episode_return_mean": 13.823078727722168,
    "episode_return_sd": 0.25743830659866035,
    "episode_steps_mean": 612.2127272727272,
    "episode_steps_sd": 13.07505447739234,
    "successful_completion_steps_mean": 29.72521251124967,
    "successful_completion_steps_sd": 0.24044177356216143,
    "switches_per_round_mean": 0.0,
    "switches_per_round_sd": 0.0
  },
  {
    "version": "v1",
    "condition": "rnn_diverse_noinfluence",
    "success_mean": 0.8980681818181818,
    "success_sd": 0.1135180634222611,
    "episode_return_mean": 9.804824185371398,
    "episode_return_sd": 4.637083089748262,
    "episode_steps_mean": 833.6154545454547,
    "episode_steps_sd": 235.0006291500722,
    "successful_completion_steps_mean": 35.63822417591729,
    "successful_completion_steps_sd": 5.795877861338376,
    "switches_per_round_mean": 0.0,
    "switches_per_round_sd": 0.0
  },
  {
    "version": "v2",
    "condition": "rnn_diverse_influence",
    "success_mean": 0.9605681818181818,
    "success_sd": 0.04656637380579989,
    "episode_return_mean": 12.795988464355469,
    "episode_return_sd": 2.262118614748695,
    "episode_steps_mean": 660.7490909090909,
    "episode_steps_sd": 133.38511781857528,
    "successful_completion_steps_mean": 30.43048612688142,
    "successful_completion_steps_sd": 3.93542578329636,
    "switches_per_round_mean": 2.5457272727272726,
    "switches_per_round_sd": 2.30364699403804
  },
  {
    "version": "v2",
    "condition": "mlp_diverse_influence",
    "success_mean": 0.9453863636363635,
    "success_sd": 0.04814197537896043,
    "episode_return_mean": 11.759292602539062,
    "episode_return_sd": 1.9223982512189917,
    "episode_steps_mean": 733.7513636363635,
    "episode_steps_sd": 95.34504139110696,
    "successful_completion_steps_mean": 33.095868342916944,
    "successful_completion_steps_sd": 1.7102189550809384,
    "switches_per_round_mean": 2.607954545454546,
    "switches_per_round_sd": 1.9210999066935415
  },
  {
    "version": "v2",
    "condition": "rnn_single_influence",
    "success_mean": 0.9362272727272728,
    "success_sd": 0.06711987395204819,
    "episode_return_mean": 11.588665199279784,
    "episode_return_sd": 2.753914819944539,
    "episode_steps_mean": 732.3127272727273,
    "episode_steps_sd": 139.96265528704433,
    "successful_completion_steps_mean": 32.452098860798024,
    "successful_completion_steps_sd": 2.7317401361559694,
    "switches_per_round_mean": 4.5139772727272724,
    "switches_per_round_sd": 4.922873481627951
  },
  {
    "version": "v2",
    "condition": "rnn_diverse_noinfluence",
    "success_mean": 0.9013863636363636,
    "success_sd": 0.09914739841049913,
    "episode_return_mean": 9.796192312240601,
    "episode_return_sd": 4.016005484466781,
    "episode_steps_mean": 841.1813636363635,
    "episode_steps_sd": 201.59428318765958,
    "successful_completion_steps_mean": 36.14580438903212,
    "successful_completion_steps_sd": 4.8956333115934445,
    "switches_per_round_mean": 0.0,
    "switches_per_round_sd": 0.0
  }
]
Saved comparison to /juice6/u/jshe/emergent_partner_grid/eval/protocol_comparison/counterbalanced1096_20261002_235609
