{
  "output": "/juice6/u/jshe/emergent_partner_grid/train/training_curves/balanced1096_20261002_022924",
  "bands": [
    {
      "version": "v1",
      "condition": "rnn_diverse_influence",
      "group_mean_enters_and_stays_in_final_band_millions": 48.234496,
      "per_seed_enters_and_stays_in_final_band_millions": {
        "1": 52.363264,
        "2": 46.006272,
        "3": 46.006272,
        "4": 52.166656,
        "5": 43.974656
      },
      "late_return_change_45_to_final": 0.905869565217392
    },
    {
      "version": "v1",
      "condition": "mlp_diverse_influence",
      "group_mean_enters_and_stays_in_final_band_millions": 51.314688,
      "per_seed_enters_and_stays_in_final_band_millions": {
        "1": 51.838976,
        "2": 53.346304,
        "3": 51.970048,
        "4": 52.887552,
        "5": 31.850496
      },
      "late_return_change_45_to_final": 1.4705478260869533
    },
    {
      "version": "v1",
      "condition": "rnn_single_influence",
      "group_mean_enters_and_stays_in_final_band_millions": 51.970048,
      "per_seed_enters_and_stays_in_final_band_millions": {
        "1": 38.600704,
        "2": 42.795008,
        "3": 53.936128,
        "4": 53.608448,
        "5": 43.90912
      },
      "late_return_change_45_to_final": 0.5989260869565207
    },
    {
      "version": "v1",
      "condition": "rnn_diverse_noinfluence",
      "group_mean_enters_and_stays_in_final_band_millions": 49.676288,
      "per_seed_enters_and_stays_in_final_band_millions": {
        "1": 51.642368,
        "2": 43.646976,
        "3": 43.450368,
        "4": 54.984704,
        "5": 40.370176
      },
      "late_return_change_45_to_final": 0.8794695652173896
    },
    {
      "version": "v2",
      "condition": "rnn_diverse_influence",
      "group_mean_enters_and_stays_in_final_band_millions": 52.625408,
      "per_seed_enters_and_stays_in_final_band_millions": {
        "1": 53.280768,
        "2": 50.397184,
        "3": 52.953088,
        "4": 53.936128,
        "5": 51.183616
      },
      "late_return_change_45_to_final": 1.9194826086956525
    },
    {
      "version": "v2",
      "condition": "mlp_diverse_influence",
      "group_mean_enters_and_stays_in_final_band_millions": 51.970048,
      "per_seed_enters_and_stays_in_final_band_millions": {
        "1": 49.872896,
        "2": 44.695552,
        "3": 52.559872,
        "4": 54.72256,
        "5": 38.404096
      },
      "late_return_change_45_to_final": 1.310517391304348
    },
    {
      "version": "v2",
      "condition": "rnn_single_influence",
      "group_mean_enters_and_stays_in_final_band_millions": 51.249152,
      "per_seed_enters_and_stays_in_final_band_millions": {
        "1": 53.346304,
        "2": 50.528256,
        "3": 36.37248,
        "4": 52.625408,
        "5": 33.357824
      },
      "late_return_change_45_to_final": 0.9085521739130424
    },
    {
      "version": "v2",
      "condition": "rnn_diverse_noinfluence",
      "group_mean_enters_and_stays_in_final_band_millions": 52.166656,
      "per_seed_enters_and_stays_in_final_band_millions": {
        "1": 51.838976,
        "2": 52.625408,
        "3": 53.805056,
        "4": 51.576832,
        "5": 51.838976
      },
      "late_return_change_45_to_final": 1.3442608695652178
    }
  ],
  "snapshots": [
    {
      "version": "v1",
      "condition": "rnn_diverse_influence",
      "requested_budget_millions": 30,
      "actual_steps_millions": 29.949952,
      "round_success_mean": 0.903749481978514,
      "round_success_seed_sd": 0.09705728780836155,
      "episode_return_mean": 10.805095652173915,
      "episode_return_seed_sd": 4.74296390322914,
      "episode_steps_mean": 744.6791304347826,
      "episode_steps_seed_sd": 278.60008264213457
    },
    {
      "version": "v1",
      "condition": "rnn_diverse_influence",
      "requested_budget_millions": 45,
      "actual_steps_millions": 44.957696,
      "round_success_mean": 0.9311165947684671,
      "round_success_seed_sd": 0.07753626342958533,
      "episode_return_mean": 12.112608695652174,
      "episode_return_seed_sd": 4.097459436457194,
      "episode_steps_mean": 669.3947826086958,
      "episode_steps_seed_sd": 253.2062474666525
    },
    {
      "version": "v1",
      "condition": "rnn_diverse_influence",
      "requested_budget_millions": 50,
      "actual_steps_millions": 49.938432,
      "round_success_mean": 0.9424601734092273,
      "round_success_seed_sd": 0.06559411268157198,
      "episode_return_mean": 12.637017391304346,
      "episode_return_seed_sd": 3.621299546741558,
      "episode_steps_mean": 639.7913043478262,
      "episode_steps_seed_sd": 229.73059520933714
    },
    {
      "version": "v1",
      "condition": "rnn_diverse_influence",
      "requested_budget_millions": 60,
      "actual_steps_millions": 59.96544,
      "round_success_mean": 0.9514761634514095,
      "round_success_seed_sd": 0.05699058555214112,
      "episode_return_mean": 13.018478260869566,
      "episode_return_seed_sd": 3.3422949645005744,
      "episode_steps_mean": 620.0978260869566,
      "episode_steps_seed_sd": 219.3667842509634
    },
    {
      "version": "v1",
      "condition": "mlp_diverse_influence",
      "requested_budget_millions": 30,
      "actual_steps_millions": 29.949952,
      "round_success_mean": 0.8155438049350856,
      "round_success_seed_sd": 0.10052332155979157,
      "episode_return_mean": 6.6858695652173905,
      "episode_return_seed_sd": 3.836224273920962,
      "episode_steps_mean": 978.0734782608695,
      "episode_steps_seed_sd": 180.0762939511882
    },
    {
      "version": "v1",
      "condition": "mlp_diverse_influence",
      "requested_budget_millions": 45,
      "actual_steps_millions": 44.957696,
      "round_success_mean": 0.8693494040265847,
      "round_success_seed_sd": 0.07391782743049757,
      "episode_return_mean": 8.882513043478262,
      "episode_return_seed_sd": 2.8440540752322176,
      "episode_steps_mean": 866.7560869565217,
      "episode_steps_seed_sd": 134.45987097687944
    },
    {
      "version": "v1",
      "condition": "mlp_diverse_influence",
      "requested_budget_millions": 50,
      "actual_steps_millions": 49.938432,
      "round_success_mean": 0.8889434686410158,
      "round_success_seed_sd": 0.06347094983564874,
      "episode_return_mean": 9.666791304347825,
      "episode_return_seed_sd": 2.44607225081168,
      "episode_steps_mean": 828.1421739130434,
      "episode_steps_seed_sd": 115.9228197893779
    },
    {
      "version": "v1",
      "condition": "mlp_diverse_influence",
      "requested_budget_millions": 60,
      "actual_steps_millions": 59.96544,
      "round_success_mean": 0.9079199199105756,
      "round_success_seed_sd": 0.05336419420279216,
      "episode_return_mean": 10.353060869565216,
      "episode_return_seed_sd": 2.0941881841454384,
      "episode_steps_mean": 798.0869565217391,
      "episode_steps_seed_sd": 101.3820341705176
    },
    {
      "version": "v1",
      "condition": "rnn_single_influence",
      "requested_budget_millions": 30,
      "actual_steps_millions": 29.949952,
      "round_success_mean": 0.9507652832924431,
      "round_success_seed_sd": 0.06258966185467713,
      "episode_return_mean": 14.803573913043476,
      "episode_return_seed_sd": 3.2133563140344683,
      "episode_steps_mean": 439.85695652173916,
      "episode_steps_seed_sd": 194.43979660739694
    },
    {
      "version": "v1",
      "condition": "rnn_single_influence",
      "requested_budget_millions": 45,
      "actual_steps_millions": 44.957696,
      "round_success_mean": 0.9711404972640556,
      "round_success_seed_sd": 0.036480328264115125,
      "episode_return_mean": 15.814008695652173,
      "episode_return_seed_sd": 2.009907976819725,
      "episode_steps_mean": 379.9591304347826,
      "episode_steps_seed_sd": 126.89391535737992
    },
    {
      "version": "v1",
      "condition": "rnn_single_influence",
      "requested_budget_millions": 50,
      "actual_steps_millions": 49.938432,
      "round_success_mean": 0.9755279947910811,
      "round_success_seed_sd": 0.03134741885816732,
      "episode_return_mean": 16.03794347826087,
      "episode_return_seed_sd": 1.7815553266722677,
      "episode_steps_mean": 366.61739130434785,
      "episode_steps_seed_sd": 114.75303817674697
    },
    {
      "version": "v1",
      "condition": "rnn_single_influence",
      "requested_budget_millions": 60,
      "actual_steps_millions": 59.96544,
      "round_success_mean": 0.9824772471440758,
      "round_success_seed_sd": 0.022812119540261546,
      "episode_return_mean": 16.412934782608694,
      "episode_return_seed_sd": 1.3942830744953476,
      "episode_steps_mean": 343.295652173913,
      "episode_steps_seed_sd": 93.5840460209951
    },
    {
      "version": "v1",
      "condition": "rnn_diverse_noinfluence",
      "requested_budget_millions": 30,
      "actual_steps_millions": 29.949952,
      "round_success_mean": 0.8558717749465972,
      "round_success_seed_sd": 0.141469372343885,
      "episode_return_mean": 7.81264347826087,
      "episode_return_seed_sd": 5.361761259447134,
      "episode_steps_mean": 946.4473913043479,
      "episode_steps_seed_sd": 250.2305390031581
    },
    {
      "version": "v1",
      "condition": "rnn_diverse_noinfluence",
      "requested_budget_millions": 45,
      "actual_steps_millions": 44.957696,
      "round_success_mean": 0.889829385152886,
      "round_success_seed_sd": 0.12538815033049164,
      "episode_return_mean": 9.225182608695654,
      "episode_return_seed_sd": 4.736010493771864,
      "episode_steps_mean": 874.5704347826089,
      "episode_steps_seed_sd": 221.6524465027238
    },
    {
      "version": "v1",
      "condition": "rnn_diverse_noinfluence",
      "requested_budget_millions": 50,
      "actual_steps_millions": 49.938432,
      "round_success_mean": 0.8986863393918438,
      "round_success_seed_sd": 0.11938058518307221,
      "episode_return_mean": 9.628991304347826,
      "episode_return_seed_sd": 4.533444407358766,
      "episode_steps_mean": 852.1447826086957,
      "episode_steps_seed_sd": 213.47480863453205
    },
    {
      "version": "v1",
      "condition": "rnn_diverse_noinfluence",
      "requested_budget_millions": 60,
      "actual_steps_millions": 59.96544,
      "round_success_mean": 0.9098333666244857,
      "round_success_seed_sd": 0.10906731331974494,
      "episode_return_mean": 10.104652173913044,
      "episode_return_seed_sd": 4.139556019492437,
      "episode_steps_mean": 827.5308695652175,
      "episode_steps_seed_sd": 194.5759928240362
    },
    {
      "version": "v2",
      "condition": "rnn_diverse_influence",
      "requested_budget_millions": 30,
      "actual_steps_millions": 29.949952,
      "round_success_mean": 0.7469456935321944,
      "round_success_seed_sd": 0.0873767431016245,
      "episode_return_mean": 3.4791608695652174,
      "episode_return_seed_sd": 3.0616030044183575,
      "episode_steps_mean": 1159.1947826086957,
      "episode_steps_seed_sd": 129.47287112106815
    },
    {
      "version": "v2",
      "condition": "rnn_diverse_influence",
      "requested_budget_millions": 45,
      "actual_steps_millions": 44.957696,
      "round_success_mean": 0.8252798486342712,
      "round_success_seed_sd": 0.06038243707827713,
      "episode_return_mean": 6.385843478260869,
      "episode_return_seed_sd": 2.2036439856628847,
      "episode_steps_mean": 1027.5439130434781,
      "episode_steps_seed_sd": 98.54733405639102
    },
    {
      "version": "v2",
      "condition": "rnn_diverse_influence",
      "requested_budget_millions": 50,
      "actual_steps_millions": 49.938432,
      "round_success_mean": 0.8507951274165766,
      "round_success_seed_sd": 0.05546912372474717,
      "episode_return_mean": 7.306747826086955,
      "episode_return_seed_sd": 2.0406100686829434,
      "episode_steps_mean": 985.9743478260868,
      "episode_steps_seed_sd": 90.74662399788345
    },
    {
      "version": "v2",
      "condition": "rnn_diverse_influence",
      "requested_budget_millions": 60,
      "actual_steps_millions": 59.96544,
      "round_success_mean": 0.8771104307006061,
      "round_success_seed_sd": 0.04607766964502604,
      "episode_return_mean": 8.305326086956521,
      "episode_return_seed_sd": 1.6927649586815827,
      "episode_steps_mean": 940.7504347826089,
      "episode_steps_seed_sd": 76.219346830614
    },
    {
      "version": "v2",
      "condition": "mlp_diverse_influence",
      "requested_budget_millions": 30,
      "actual_steps_millions": 29.949952,
      "round_success_mean": 0.8200122025834717,
      "round_success_seed_sd": 0.13716359287541144,
      "episode_return_mean": 6.292817391304348,
      "episode_return_seed_sd": 5.044949449982904,
      "episode_steps_mean": 1025.9786956521739,
      "episode_steps_seed_sd": 226.4867897671647
    },
    {
      "version": "v2",
      "condition": "mlp_diverse_influence",
      "requested_budget_millions": 45,
      "actual_steps_millions": 44.957696,
      "round_success_mean": 0.8697209468210996,
      "round_success_seed_sd": 0.11132501522132648,
      "episode_return_mean": 8.293721739130435,
      "episode_return_seed_sd": 4.171362598086678,
      "episode_steps_mean": 927.0173913043479,
      "episode_steps_seed_sd": 192.2896657650092
    },
    {
      "version": "v2",
      "condition": "mlp_diverse_influence",
      "requested_budget_millions": 50,
      "actual_steps_millions": 49.938432,
      "round_success_mean": 0.8864450386699886,
      "round_success_seed_sd": 0.09959694238724767,
      "episode_return_mean": 8.913582608695652,
      "episode_return_seed_sd": 3.737496082383466,
      "episode_steps_mean": 898.0891304347826,
      "episode_steps_seed_sd": 171.63173776937458
    },
    {
      "version": "v2",
      "condition": "mlp_diverse_influence",
      "requested_budget_millions": 60,
      "actual_steps_millions": 59.96544,
      "round_success_mean": 0.9054254148490696,
      "round_success_seed_sd": 0.08456954470996265,
      "episode_return_mean": 9.604239130434783,
      "episode_return_seed_sd": 3.258427224347739,
      "episode_steps_mean": 868.6560869565219,
      "episode_steps_seed_sd": 155.35510914400453
    },
    {
      "version": "v2",
      "condition": "rnn_single_influence",
      "requested_budget_millions": 30,
      "actual_steps_millions": 29.949952,
      "round_success_mean": 0.9138174190952351,
      "round_success_seed_sd": 0.08413411699959589,
      "episode_return_mean": 12.455417391304348,
      "episode_return_seed_sd": 4.375426249162705,
      "episode_steps_mean": 599.8817391304348,
      "episode_steps_seed_sd": 279.5306173759274
    },
    {
      "version": "v2",
      "condition": "rnn_single_influence",
      "requested_budget_millions": 45,
      "actual_steps_millions": 44.957696,
      "round_success_mean": 0.9502264510691116,
      "round_success_seed_sd": 0.0541855384126423,
      "episode_return_mean": 14.239921739130438,
      "episode_return_seed_sd": 2.878906998998873,
      "episode_steps_mean": 494.7991304347826,
      "episode_steps_seed_sd": 191.2094203375016
    },
    {
      "version": "v2",
      "condition": "rnn_single_influence",
      "requested_budget_millions": 50,
      "actual_steps_millions": 49.938432,
      "round_success_mean": 0.9586709484241617,
      "round_success_seed_sd": 0.046351038746615225,
      "episode_return_mean": 14.68164347826087,
      "episode_return_seed_sd": 2.5005458488030112,
      "episode_steps_mean": 467.8960869565218,
      "episode_steps_seed_sd": 169.8146608628091
    },
    {
      "version": "v2",
      "condition": "rnn_single_influence",
      "requested_budget_millions": 60,
      "actual_steps_millions": 59.96544,
      "round_success_mean": 0.9675058761926778,
      "round_success_seed_sd": 0.03791870206983433,
      "episode_return_mean": 15.14847391304348,
      "episode_return_seed_sd": 2.094931485507285,
      "episode_steps_mean": 439.3808695652174,
      "episode_steps_seed_sd": 147.90357445951636
    },
    {
      "version": "v2",
      "condition": "rnn_diverse_noinfluence",
      "requested_budget_millions": 30,
      "actual_steps_millions": 29.949952,
      "round_success_mean": 0.6637236881984487,
      "round_success_seed_sd": 0.009537645851795097,
      "episode_return_mean": 0.15654782608695653,
      "episode_return_seed_sd": 0.33516144799078795,
      "episode_steps_mean": 1323.6930434782612,
      "episode_steps_seed_sd": 14.764026236072331
    },
    {
      "version": "v2",
      "condition": "rnn_diverse_noinfluence",
      "requested_budget_millions": 45,
      "actual_steps_millions": 44.957696,
      "round_success_mean": 0.70110601683613,
      "round_success_seed_sd": 0.013039359318741395,
      "episode_return_mean": 1.5546304347826085,
      "episode_return_seed_sd": 0.4588231929114929,
      "episode_steps_mean": 1258.7060869565219,
      "episode_steps_seed_sd": 20.023714166383115
    },
    {
      "version": "v2",
      "condition": "rnn_diverse_noinfluence",
      "requested_budget_millions": 50,
      "actual_steps_millions": 49.938432,
      "round_success_mean": 0.7171670206493852,
      "round_success_seed_sd": 0.013791717294835928,
      "episode_return_mean": 2.1444608695652176,
      "episode_return_seed_sd": 0.44949060261934326,
      "episode_steps_mean": 1232.3673913043476,
      "episode_steps_seed_sd": 18.48075680074172
    },
    {
      "version": "v2",
      "condition": "rnn_diverse_noinfluence",
      "requested_budget_millions": 60,
      "actual_steps_millions": 59.96544,
      "round_success_mean": 0.7378020468880641,
      "round_success_seed_sd": 0.012995799464313333,
      "episode_return_mean": 2.8988913043478264,
      "episode_return_seed_sd": 0.4581129935797267,
      "episode_steps_mean": 1199.7595652173911,
      "episode_steps_seed_sd": 20.538809372835647
    }
  ]
}
