[
  {
    "version": "v1",
    "condition": "rnn_diverse_influence",
    "n_seeds": 10,
    "success_mean": 0.9832083333333335,
    "success_sd": 0.01237883015299872,
    "episode_return_mean": 14.425199604034423,
    "episode_return_sd": 1.0614803710602332,
    "episode_steps_mean": 543.5610416666666,
    "episode_steps_sd": 95.11162005827654,
    "successful_completion_steps_mean": 25.942477583871344,
    "successful_completion_steps_sd": 4.591079640862902,
    "switches_per_round_mean": 0.0,
    "switches_per_round_sd": 0.0
  },
  {
    "version": "v1",
    "condition": "mlp_diverse_influence",
    "n_seeds": 10,
    "success_mean": 0.9693645833333333,
    "success_sd": 0.04921488753706032,
    "episode_return_mean": 12.252385377883911,
    "episode_return_sd": 1.9257283027686696,
    "episode_steps_mean": 732.878125,
    "episode_steps_sd": 93.22536779064484,
    "successful_completion_steps_mean": 34.71898888429605,
    "successful_completion_steps_sd": 1.7101905506213504,
    "switches_per_round_mean": 0.0,
    "switches_per_round_sd": 0.0
  },
  {
    "version": "v1",
    "condition": "rnn_single_influence",
    "n_seeds": 10,
    "success_mean": 0.9908645833333333,
    "success_sd": 0.002229831806271335,
    "episode_return_mean": 13.243932723999023,
    "episode_return_sd": 0.09205176981979385,
    "episode_steps_mean": 677.1533333333333,
    "episode_steps_sd": 4.750358193934352,
    "successful_completion_steps_mean": 33.248029643029476,
    "successful_completion_steps_sd": 0.09797430191771496,
    "switches_per_round_mean": 0.0,
    "switches_per_round_sd": 0.0
  },
  {
    "version": "v1",
    "condition": "rnn_diverse_noinfluence",
    "n_seeds": 10,
    "success_mean": 0.9006041666666669,
    "success_sd": 0.10447303095790253,
    "episode_return_mean": 9.340878617763519,
    "episode_return_sd": 4.113270584113644,
    "episode_steps_mean": 885.1327083333333,
    "episode_steps_sd": 200.51800075211932,
    "successful_completion_steps_mean": 38.59413783389031,
    "successful_completion_steps_sd": 4.723421586912925,
    "switches_per_round_mean": 0.0,
    "switches_per_round_sd": 0.0
  },
  {
    "version": "v2",
    "condition": "rnn_diverse_influence",
    "n_seeds": 10,
    "success_mean": 0.9659791666666667,
    "success_sd": 0.043950192330229884,
    "episode_return_mean": 12.416622686386109,
    "episode_return_sd": 2.3602482020036573,
    "episode_steps_mean": 709.6158333333333,
    "episode_steps_sd": 154.98705625713745,
    "successful_completion_steps_mean": 33.37970409960759,
    "successful_completion_steps_sd": 5.745577027162541,
    "switches_per_round_mean": 1.6574583333333333,
    "switches_per_round_sd": 1.6497931451776007
  },
  {
    "version": "v2",
    "condition": "mlp_diverse_influence",
    "n_seeds": 10,
    "success_mean": 0.9591145833333332,
    "success_sd": 0.04532901332774602,
    "episode_return_mean": 11.555662059783936,
    "episode_return_sd": 1.7793172241937152,
    "episode_steps_mean": 781.8454166666668,
    "episode_steps_sd": 86.72710844658764,
    "successful_completion_steps_mean": 36.56194378091245,
    "successful_completion_steps_sd": 1.648363469265765,
    "switches_per_round_mean": 1.6646145833333332,
    "switches_per_round_sd": 1.2876734599474842
  },
  {
    "version": "v2",
    "condition": "rnn_single_influence",
    "n_seeds": 10,
    "success_mean": 0.8968333333333334,
    "success_sd": 0.15167303545337904,
    "episode_return_mean": 9.322735023498534,
    "episode_return_sd": 5.427243484009404,
    "episode_steps_mean": 879.3299999999999,
    "episode_steps_sd": 238.27096355190272,
    "successful_completion_steps_mean": 38.07662332525222,
    "successful_completion_steps_sd": 4.081660624756844,
    "switches_per_round_mean": 6.396510416666667,
    "switches_per_round_sd": 8.752408947120117
  },
  {
    "version": "v2",
    "condition": "rnn_diverse_noinfluence",
    "n_seeds": 10,
    "success_mean": 0.9024583333333333,
    "success_sd": 0.07838203396478549,
    "episode_return_mean": 9.311622488498688,
    "episode_return_sd": 3.0541266616696197,
    "episode_steps_mean": 891.80375,
    "episode_steps_sd": 147.38710530957408,
    "successful_completion_steps_mean": 38.86278923833512,
    "successful_completion_steps_sd": 3.4481117004998545,
    "switches_per_round_mean": 0.0,
    "switches_per_round_sd": 0.0
  }
]
Saved comparison to /juice6/u/jshe/emergent_partner_grid/eval/protocol_comparison/counterbalanced1096_20261007_001529_seeds6to10/all_10_seeds/familiar
[
  {
    "version": "v1",
    "condition": "rnn_diverse_influence",
    "n_seeds": 10,
    "success_mean": 0.9776704545454546,
    "success_sd": 0.01558823728468714,
    "episode_return_mean": 15.072228622436523,
    "episode_return_sd": 1.138326046747825,
    "episode_steps_mean": 467.6715909090909,
    "episode_steps_sd": 100.2482429919264,
    "successful_completion_steps_mean": 21.638852710893957,
    "successful_completion_steps_sd": 4.867242568885059,
    "switches_per_round_mean": 0.0,
    "switches_per_round_sd": 0.0
  },
  {
    "version": "v1",
    "condition": "mlp_diverse_influence",
    "n_seeds": 10,
    "success_mean": 0.9716250000000001,
    "success_sd": 0.04707204300381277,
    "episode_return_mean": 13.078094482421875,
    "episode_return_sd": 1.9277384920593295,
    "episode_steps_mean": 654.8731818181818,
    "episode_steps_sd": 97.77583377001439,
    "successful_completion_steps_mean": 30.862041547444726,
    "successful_completion_steps_sd": 1.9135208792770915,
    "switches_per_round_mean": 0.0,
    "switches_per_round_sd": 0.0
  },
  {
    "version": "v1",
    "condition": "rnn_single_influence",
    "n_seeds": 10,
    "success_mean": 0.9879545454545454,
    "success_sd": 0.005317080953141383,
    "episode_return_mean": 13.860678386688232,
    "episode_return_sd": 0.22283234315423392,
    "episode_steps_mean": 609.6004545454546,
    "episode_steps_sd": 11.689766819795588,
    "successful_completion_steps_mean": 29.633372295571085,
    "successful_completion_steps_sd": 0.23934759064490252,
    "switches_per_round_mean": 0.0,
    "switches_per_round_sd": 0.0
  },
  {
    "version": "v1",
    "condition": "rnn_diverse_noinfluence",
    "n_seeds": 10,
    "success_mean": 0.9073181818181817,
    "success_sd": 0.10020484070647537,
    "episode_return_mean": 10.214444744586945,
    "episode_return_sd": 4.121926048290136,
    "episode_steps_mean": 811.3384090909091,
    "episode_steps_sd": 210.10060494754123,
    "successful_completion_steps_mean": 35.00350921454506,
    "successful_completion_steps_sd": 5.1565871860456785,
    "switches_per_round_mean": 0.0,
    "switches_per_round_sd": 0.0
  },
  {
    "version": "v2",
    "condition": "rnn_diverse_influence",
    "n_seeds": 10,
    "success_mean": 0.959625,
    "success_sd": 0.04557975337345453,
    "episode_return_mean": 13.073481369018555,
    "episode_return_sd": 2.4814216514770377,
    "episode_steps_mean": 631.0945454545455,
    "episode_steps_sd": 163.58818629733452,
    "successful_completion_steps_mean": 28.861845167545663,
    "successful_completion_steps_sd": 5.963940064454644,
    "switches_per_round_mean": 1.971920454545455,
    "switches_per_round_sd": 1.668150109834406
  },
  {
    "version": "v2",
    "condition": "mlp_diverse_influence",
    "n_seeds": 10,
    "success_mean": 0.9541704545454545,
    "success_sd": 0.0493714815207868,
    "episode_return_mean": 12.140042591094971,
    "episode_return_sd": 2.0191716922066103,
    "episode_steps_mean": 713.4202272727273,
    "episode_steps_sd": 102.38825113143774,
    "successful_completion_steps_mean": 32.6718036247976,
    "successful_completion_steps_sd": 1.9994585338435737,
    "switches_per_round_mean": 1.9946477272727272,
    "switches_per_round_sd": 1.513738646605194
  },
  {
    "version": "v2",
    "condition": "rnn_single_influence",
    "n_seeds": 10,
    "success_mean": 0.8935113636363635,
    "success_sd": 0.14921468025846948,
    "episode_return_mean": 10.12079701423645,
    "episode_return_sd": 5.367127795522269,
    "episode_steps_mean": 792.8134090909091,
    "episode_steps_sd": 236.54879227697916,
    "successful_completion_steps_mean": 32.81440598896323,
    "successful_completion_steps_sd": 2.8861180621881224,
    "switches_per_round_mean": 6.452261363636363,
    "switches_per_round_sd": 8.313328837253994
  },
  {
    "version": "v2",
    "condition": "rnn_diverse_noinfluence",
    "n_seeds": 10,
    "success_mean": 0.909443181818182,
    "success_sd": 0.07518653055382833,
    "episode_return_mean": 10.19035837650299,
    "episode_return_sd": 3.0454083491943456,
    "episode_steps_mean": 818.0395454545454,
    "episode_steps_sd": 152.91756416217507,
    "successful_completion_steps_mean": 35.282726029593974,
    "successful_completion_steps_sd": 3.6519312325046966,
    "switches_per_round_mean": 0.0,
    "switches_per_round_sd": 0.0
  }
]
Saved comparison to /juice6/u/jshe/emergent_partner_grid/eval/protocol_comparison/counterbalanced1096_20261007_001529_seeds6to10/all_10_seeds/novel
